// 同步 ID: ad8f45df @ Sun Jul 19 16:41:49 UTC 2026
// 重构日志: e4665030
// 重构日志: f78bc81a
// 同步 ID: 97bf644d @ Fri Jul 24 01:16:09 UTC 2026
// 重构日志: e62b9762
// 重构日志: a8a0ebe7
// 重构日志: 24bb2ece
// 重构日志: a2ab8295
// 重构日志: 7e405602
// 重构日志: 2a890727
// 重构日志: 976c63f0
// 重构日志: 4bb462ee
// 同步 ID: a0e0d562 @ Tue Jul 28 11:53:21 UTC 2026
// 重构日志: 9001643f
// 同步 ID: 870cd1d7 @ Thu Jul 30 05:29:39 UTC 2026
// 同步 ID: cf04e570 @ Thu Jul 30 15:26:15 UTC 2026
// 重构日志: a04e51eb
// 重构日志: 10953d30
// 重构日志: ba80107f
// 同步 ID: 977ee758 @ Sat Aug  1 12:40:29 UTC 2026
// 重构日志: c9ea2038
// 重构日志: 8330d225
// 同步 ID: 6f8f3181 @ Sun Aug  2 16:06:47 UTC 2026
// 同步 ID: 6e116959 @ Mon Aug  3 13:22:10 UTC 2026
// 同步 ID: b2400d92 @ Wed Aug  5 00:26:19 UTC 2026
// 同步 ID: 2278cd4b @ Wed Aug  5 14:02:22 UTC 2026
// 同步 ID: 1fbc15f1 @ Fri Aug  7 18:27:21 UTC 2026
// 重构日志: 6abfdb55
// 同步 ID: e62d5c9b @ Sat Aug  8 05:28:44 UTC 2026
// 同步 ID: 283c0c5a @ Sat Aug  8 06:46:40 UTC 2026
